{
  "0 debug pnpm:scope": {
    "selected": 1
  },
  "1 error pnpm": {
    "code": "ERR_PNPM_UNSUPPORTED_ENGINE",
    "packageId": "E:\\IdeaProjects\\dashu\\dashu-frame-open\\web-vue3",
    "wanted": {
      "node": ">=18.0.0",
      "pnpm": ">=8.1.0"
    },
    "current": {
      "node": "v16.20.2",
      "pnpm": "6.23.6"
    },
    "err": {
      "name": "pnpm",
      "message": "Unsupported engine for E:\\IdeaProjects\\dashu\\dashu-frame-open\\web-vue3: wanted: {\"node\":\">=18.0.0\",\"pnpm\":\">=8.1.0\"} (current: {\"node\":\"v16.20.2\",\"pnpm\":\"6.23.6\"})",
      "code": "ERR_PNPM_UNSUPPORTED_ENGINE",
      "stack": "pnpm: Unsupported engine for E:\\IdeaProjects\\dashu\\dashu-frame-open\\web-vue3: wanted: {\"node\":\">=18.0.0\",\"pnpm\":\">=8.1.0\"} (current: {\"node\":\"v16.20.2\",\"pnpm\":\"6.23.6\"})\n    at checkEngine (d:\\Users\\Administrator\\AppData\\Roaming\\nvm\\v16.20.2\\node_modules\\pnpm\\dist\\pnpm.cjs:40877:16)\n    at checkPackage (d:\\Users\\Administrator\\AppData\\Roaming\\nvm\\v16.20.2\\node_modules\\pnpm\\dist\\pnpm.cjs:42965:104)\n    at packageIsInstallable (d:\\Users\\Administrator\\AppData\\Roaming\\nvm\\v16.20.2\\node_modules\\pnpm\\dist\\pnpm.cjs:42989:61)\n    at tryReadProjectManifest (d:\\Users\\Administrator\\AppData\\Roaming\\nvm\\v16.20.2\\node_modules\\pnpm\\dist\\pnpm.cjs:43298:55)\n    at async handler (d:\\Users\\Administrator\\AppData\\Roaming\\nvm\\v16.20.2\\node_modules\\pnpm\\dist\\pnpm.cjs:117466:48)\n    at async d:\\Users\\Administrator\\AppData\\Roaming\\nvm\\v16.20.2\\node_modules\\pnpm\\dist\\pnpm.cjs:182688:21\n    at async run (d:\\Users\\Administrator\\AppData\\Roaming\\nvm\\v16.20.2\\node_modules\\pnpm\\dist\\pnpm.cjs:182662:34)\n    at async runPnpm (d:\\Users\\Administrator\\AppData\\Roaming\\nvm\\v16.20.2\\node_modules\\pnpm\\dist\\pnpm.cjs:182874:5)\n    at async d:\\Users\\Administrator\\AppData\\Roaming\\nvm\\v16.20.2\\node_modules\\pnpm\\dist\\pnpm.cjs:182866:7"
    }
  }
}